---
source: crates/ee-tests/src/eip8037.rs
expression: "&(baseline_result, result, create_result)"
---
[
  {
    "Success": {
      "reason": "Stop",
      "gas": {
        "gas_spent": 45525,
        "state_gas_spent": 0,
        "gas_refunded": 0,
        "floor_gas": 12000
      },
      "logs": [],
      "output": {
        "Call": "0x"
      }
    }
  },
  {
    "Success": {
      "reason": "Stop",
      "gas": {
        "gas_spent": 581531,
        "state_gas_spent": 536000,
        "gas_refunded": 0,
        "floor_gas": 12000
      },
      "logs": [],
      "output": {
        "Call": "0x"
      }
    }
  },
  {
    "Success": {
      "reason": "Stop",
      "gas": {
        "gas_spent": 368076,
        "state_gas_spent": 336000,
        "gas_refunded": 0,
        "floor_gas": 12000
      },
      "logs": [],
      "output": {
        "Call": "0x"
      }
    }
  }
]
