---
source: crates/ee-tests/src/eip8037.rs
expression: "&(baseline_result, result)"
---
[
  {
    "Success": {
      "reason": "Stop",
      "gas": {
        "gas_spent": 32088,
        "state_gas_spent": 0,
        "gas_refunded": 0,
        "floor_gas": 12000
      },
      "logs": [],
      "output": {
        "Call": "0x"
      }
    }
  },
  {
    "Success": {
      "reason": "Stop",
      "gas": {
        "gas_spent": 562130,
        "state_gas_spent": 530000,
        "gas_refunded": 0,
        "floor_gas": 12000
      },
      "logs": [],
      "output": {
        "Call": "0x"
      }
    }
  }
]
