---
source: crates/ee-tests/src/eip8037.rs
expression: "&(baseline_result, result, create_result)"
---
[
  {
    "Success": {
      "reason": "Stop",
      "gas": {
        "gas_spent": 30079,
        "state_gas_spent": 0,
        "gas_refunded": 0,
        "floor_gas": 21000
      },
      "logs": [],
      "output": {
        "Call": "0x"
      }
    }
  },
  {
    "Success": {
      "reason": "Stop",
      "gas": {
        "gas_spent": 370085,
        "state_gas_spent": 340000,
        "gas_refunded": 0,
        "floor_gas": 21000
      },
      "logs": [],
      "output": {
        "Call": "0x"
      }
    }
  },
  {
    "Success": {
      "reason": "Stop",
      "gas": {
        "gas_spent": 370076,
        "state_gas_spent": 340000,
        "gas_refunded": 0,
        "floor_gas": 21000
      },
      "logs": [],
      "output": {
        "Call": "0x"
      }
    }
  }
]
