---
source: crates/ee-tests/src/eip8037.rs
expression: "&(baseline_result, result)"
---
[
  {
    "Revert": {
      "gas": {
        "gas_spent": 31018,
        "state_gas_spent": 0,
        "gas_refunded": 0,
        "floor_gas": 21000
      },
      "logs": [],
      "output": "0x"
    }
  },
  {
    "Revert": {
      "gas": {
        "gas_spent": 31018,
        "state_gas_spent": 0,
        "gas_refunded": 0,
        "floor_gas": 21000
      },
      "logs": [],
      "output": "0x"
    }
  }
]
