---
source: crates/ee-tests/src/eip8037.rs
assertion_line: 2199
expression: "&(baseline_result, result)"
---
[
  {
    "Success": {
      "reason": "Return",
      "gas": {
        "gas_spent": 40431,
        "state_gas_spent": 0,
        "gas_refunded": 0,
        "floor_gas": 22728
      },
      "logs": [],
      "output": {
        "Create": [
          "0x",
          "0x84bcbaa99ae6d1f7f70b37d5f6c27c9631eeb2f2"
        ]
      }
    }
  },
  {
    "Success": {
      "reason": "Return",
      "gas": {
        "gas_spent": 570431,
        "state_gas_spent": 530000,
        "gas_refunded": 0,
        "floor_gas": 22728
      },
      "logs": [],
      "output": {
        "Create": [
          "0x",
          "0x84bcbaa99ae6d1f7f70b37d5f6c27c9631eeb2f2"
        ]
      }
    }
  }
]
