---
source: crates/ee-tests/src/eip8037.rs
expression: "&(baseline_result, baseline_tight_result, result)"
---
[
  {
    "Success": {
      "reason": "Stop",
      "gas": {
        "gas_spent": 30079,
        "state_gas_spent": 0,
        "gas_refunded": 0,
        "floor_gas": 21000
      },
      "logs": [],
      "output": {
        "Call": "0x"
      }
    }
  },
  {
    "Success": {
      "reason": "Stop",
      "gas": {
        "gas_spent": 30079,
        "state_gas_spent": 0,
        "gas_refunded": 0,
        "floor_gas": 21000
      },
      "logs": [],
      "output": {
        "Call": "0x"
      }
    }
  },
  {
    "Halt": {
      "reason": {
        "OutOfGas": "Basic"
      },
      "gas": {
        "gas_spent": 30080,
        "state_gas_spent": 0,
        "gas_refunded": 0,
        "floor_gas": 21000
      },
      "logs": []
    }
  }
]
